// Jest Snapshot v1, https://goo.gl/fbAQLP

exports[`<CardSearchScreen /> Should have a snapshot 1`] = `
<View
  style={
    Object {
      "flex": 1,
    }
  }
>
  <Text
    accessible={true}
    allowFontScaling={true}
    disabled={false}
    ellipsizeMode="tail"
  >
    Ol√°
  </Text>
</View>
`;
