// Jest Snapshot v1, https://goo.gl/fbAQLP

exports[`Authentication reducer should have a snapshot 1`] = `
User {
  "email": "",
  "emailVerified": "",
  "providerData": "",
  "uid": "",
}
`;
