// Jest Snapshot v1, https://goo.gl/fbAQLP

exports[`CardSearch reducer should have a snapshot 1`] = `""`;
