// Jest Snapshot v1, https://goo.gl/fbAQLP

exports[`Message reducer should have a snapshot 1`] = `""`;
